// Jest Snapshot v1, https://goo.gl/fbAQLP

exports[`<Splash /> Render 1`] = `
<DocumentFragment>
  .c0 {
  width: 100%;
  min-height: 100vh;
  display: -webkit-box;
  display: -webkit-flex;
  display: -ms-flexbox;
  display: flex;
  -webkit-align-items: center;
  -webkit-box-align: center;
  -ms-flex-align: center;
  align-items: center;
  -webkit-box-pack: center;
  -webkit-justify-content: center;
  -ms-flex-pack: center;
  justify-content: center;
}

.c1 {
  width: 200px;
  height: 140px;
  display: block;
  margin: auto;
}

.c2 {
  font-family: 'Poppins','sans-serif';
  text-align: center;
  margin-top: 30px;
  font-size: 24px;
  font-weight: 900;
}

<div
    class="c0"
  >
    <div>
      <img
        alt="ImageAlt"
        class="c1"
        src="Logo.svg"
      />
      <p
        class="c2"
      >
        Adogtemos
      </p>
    </div>
  </div>
</DocumentFragment>
`;
